[0m02:04:16.917166 [debug] [MainThread]: Sending event: {'category': 'dbt', 'action': 'invocation', 'label': 'start', 'context': [<snowplow_tracker.self_describing_json.SelfDescribingJson object at 0x0000025CA752BCA0>, <snowplow_tracker.self_describing_json.SelfDescribingJson object at 0x0000025CA987FC40>, <snowplow_tracker.self_describing_json.SelfDescribingJson object at 0x0000025CA987FFA0>]}


============================== 02:04:16.928039 | 0c5f9fbe-0f5f-488e-aa05-a93b7fec7f3d ==============================
[0m02:04:16.928039 [info ] [MainThread]: Running with dbt=1.11.15
[0m02:04:16.930039 [debug] [MainThread]: running dbt with arguments {'version_check': 'True', 'no_print': 'None', 'static_parser': 'True', 'target_path': 'None', 'warn_error_options': 'WarnErrorOptionsV2(error=[], warn=[], silence=[])', 'printer_width': '80', 'write_json': 'True', 'introspect': 'True', 'log_cache_events': 'False', 'empty': 'False', 'cache_selected_only': 'False', 'fail_fast': 'False', 'debug': 'False', 'log_format': 'default', 'partial_parse': 'True', 'send_anonymous_usage_stats': 'True', 'quiet': 'False', 'warn_error': 'None', 'profiles_dir': 'seo_dbt_project', 'use_colors': 'True', 'invocation_command': 'dbt run --project-dir seo_dbt_project --profiles-dir seo_dbt_project', 'indirect_selection': 'eager', 'use_experimental_parser': 'False', 'log_path': 'seo_dbt_project\\logs'}
[0m02:04:17.358976 [debug] [MainThread]: Sending event: {'category': 'dbt', 'action': 'project_id', 'label': '0c5f9fbe-0f5f-488e-aa05-a93b7fec7f3d', 'context': [<snowplow_tracker.self_describing_json.SelfDescribingJson object at 0x0000025CA5E0A170>]}
[0m02:04:17.457177 [debug] [MainThread]: Sending event: {'category': 'dbt', 'action': 'adapter_info', 'label': '0c5f9fbe-0f5f-488e-aa05-a93b7fec7f3d', 'context': [<snowplow_tracker.self_describing_json.SelfDescribingJson object at 0x0000025CA9A024A0>]}
[0m02:04:17.479842 [info ] [MainThread]: Registered adapter: duckdb=1.11.0
[0m02:04:17.911055 [debug] [MainThread]: checksum: 810725a07b286a161cb6a02f5214572f3ba8aa5d584b5e37ea30d4a281c3d3a5, vars: {}, profile: , target: , version: 1.11.15
[0m02:04:17.913058 [info ] [MainThread]: Unable to do partial parsing because saved manifest not found. Starting full parse.
[0m02:04:17.913058 [debug] [MainThread]: Sending event: {'category': 'dbt', 'action': 'partial_parser', 'label': '0c5f9fbe-0f5f-488e-aa05-a93b7fec7f3d', 'context': [<snowplow_tracker.self_describing_json.SelfDescribingJson object at 0x0000025CAAB8EB00>]}
[0m02:04:21.386729 [debug] [MainThread]: Sending event: {'category': 'dbt', 'action': 'load_project', 'label': '0c5f9fbe-0f5f-488e-aa05-a93b7fec7f3d', 'context': [<snowplow_tracker.self_describing_json.SelfDescribingJson object at 0x0000025CAB308D30>]}
[0m02:04:21.532469 [debug] [MainThread]: Wrote artifact WritableManifest to seo_dbt_project\target\manifest.json
[0m02:04:21.543740 [debug] [MainThread]: Wrote artifact SemanticManifest to seo_dbt_project\target\semantic_manifest.json
[0m02:04:21.586418 [debug] [MainThread]: Sending event: {'category': 'dbt', 'action': 'resource_counts', 'label': '0c5f9fbe-0f5f-488e-aa05-a93b7fec7f3d', 'context': [<snowplow_tracker.self_describing_json.SelfDescribingJson object at 0x0000025CAB2B9390>]}
[0m02:04:21.588416 [info ] [MainThread]: Found 2 models, 4 sources, 459 macros
[0m02:04:21.589417 [debug] [MainThread]: Sending event: {'category': 'dbt', 'action': 'runnable_timing', 'label': '0c5f9fbe-0f5f-488e-aa05-a93b7fec7f3d', 'context': [<snowplow_tracker.self_describing_json.SelfDescribingJson object at 0x0000025CAB2B9630>]}
[0m02:04:21.592266 [info ] [MainThread]: 
[0m02:04:21.593265 [info ] [MainThread]: Concurrency: 1 threads (target='dev')
[0m02:04:21.594274 [info ] [MainThread]: 
[0m02:04:21.595277 [debug] [MainThread]: Acquiring new duckdb connection 'master'
[0m02:04:21.603793 [debug] [ThreadPool]: Acquiring new duckdb connection 'list_seo_data_product'
[0m02:04:23.033282 [debug] [ThreadPool]: Using duckdb connection "list_seo_data_product"
[0m02:04:23.034282 [debug] [ThreadPool]: On list_seo_data_product: /* {"app": "dbt", "dbt_version": "1.11.15", "profile_name": "seo_quick_wins", "target_name": "dev", "connection_name": "list_seo_data_product"} */

    
    select schema_name
    from system.information_schema.schemata
    
    where lower(catalog_name) = '"seo_data_product"'
    
  
  
[0m02:04:23.035283 [debug] [ThreadPool]: Opening a new connection, currently in state init
[0m02:04:23.064120 [debug] [ThreadPool]: SQL status: OK in 0.029 seconds
[0m02:04:23.066126 [debug] [ThreadPool]: On list_seo_data_product: Close
[0m02:04:23.068121 [debug] [ThreadPool]: Re-using an available connection from the pool (formerly list_seo_data_product, now create_seo_data_product_main)
[0m02:04:23.068121 [debug] [ThreadPool]: Creating schema "database: "seo_data_product"
schema: "main"
"
[0m02:04:23.081098 [debug] [ThreadPool]: Using duckdb connection "create_seo_data_product_main"
[0m02:04:23.085260 [debug] [ThreadPool]: On create_seo_data_product_main: /* {"app": "dbt", "dbt_version": "1.11.15", "profile_name": "seo_quick_wins", "target_name": "dev", "connection_name": "create_seo_data_product_main"} */

    
        select type from duckdb_databases()
        where lower(database_name)='seo_data_product'
        and type != 'duckdb'
    
  
[0m02:04:23.085260 [debug] [ThreadPool]: Opening a new connection, currently in state closed
[0m02:04:23.085260 [debug] [ThreadPool]: SQL status: OK in 0.002 seconds
[0m02:04:23.090169 [debug] [ThreadPool]: Using duckdb connection "create_seo_data_product_main"
[0m02:04:23.091691 [debug] [ThreadPool]: On create_seo_data_product_main: BEGIN
[0m02:04:23.092706 [debug] [ThreadPool]: SQL status: OK in 0.001 seconds
[0m02:04:23.093704 [debug] [ThreadPool]: Using duckdb connection "create_seo_data_product_main"
[0m02:04:23.094703 [debug] [ThreadPool]: On create_seo_data_product_main: /* {"app": "dbt", "dbt_version": "1.11.15", "profile_name": "seo_quick_wins", "target_name": "dev", "connection_name": "create_seo_data_product_main"} */

    
    
        create schema if not exists "seo_data_product"."main"
    
[0m02:04:23.095703 [debug] [ThreadPool]: SQL status: OK in 0.000 seconds
[0m02:04:23.097704 [debug] [ThreadPool]: On create_seo_data_product_main: COMMIT
[0m02:04:23.097704 [debug] [ThreadPool]: Using duckdb connection "create_seo_data_product_main"
[0m02:04:23.098704 [debug] [ThreadPool]: On create_seo_data_product_main: COMMIT
[0m02:04:23.099706 [debug] [ThreadPool]: SQL status: OK in 0.000 seconds
[0m02:04:23.101216 [debug] [ThreadPool]: On create_seo_data_product_main: Close
[0m02:04:23.103235 [debug] [ThreadPool]: Acquiring new duckdb connection 'list_seo_data_product_main'
[0m02:04:23.114739 [debug] [ThreadPool]: Using duckdb connection "list_seo_data_product_main"
[0m02:04:23.115736 [debug] [ThreadPool]: On list_seo_data_product_main: BEGIN
[0m02:04:23.115736 [debug] [ThreadPool]: Opening a new connection, currently in state init
[0m02:04:23.117737 [debug] [ThreadPool]: SQL status: OK in 0.001 seconds
[0m02:04:23.117737 [debug] [ThreadPool]: Using duckdb connection "list_seo_data_product_main"
[0m02:04:23.118741 [debug] [ThreadPool]: On list_seo_data_product_main: /* {"app": "dbt", "dbt_version": "1.11.15", "profile_name": "seo_quick_wins", "target_name": "dev", "connection_name": "list_seo_data_product_main"} */
select
      'seo_data_product' as database,
      table_name as name,
      table_schema as schema,
      CASE table_type
        WHEN 'BASE TABLE' THEN 'table'
        WHEN 'VIEW' THEN 'view'
        WHEN 'LOCAL TEMPORARY' THEN 'table'
        END as type
    from system.information_schema.tables
    where lower(table_schema) = 'main'
    and lower(table_catalog) = 'seo_data_product'
  
[0m02:04:23.125344 [debug] [ThreadPool]: SQL status: OK in 0.006 seconds
[0m02:04:23.127342 [debug] [ThreadPool]: On list_seo_data_product_main: ROLLBACK
[0m02:04:23.128343 [debug] [ThreadPool]: On list_seo_data_product_main: Close
[0m02:04:23.129341 [debug] [MainThread]: Sending event: {'category': 'dbt', 'action': 'runnable_timing', 'label': '0c5f9fbe-0f5f-488e-aa05-a93b7fec7f3d', 'context': [<snowplow_tracker.self_describing_json.SelfDescribingJson object at 0x0000025CA5C07040>]}
[0m02:04:23.129341 [debug] [MainThread]: Using duckdb connection "master"
[0m02:04:23.130851 [debug] [MainThread]: On master: BEGIN
[0m02:04:23.131862 [debug] [MainThread]: Opening a new connection, currently in state init
[0m02:04:23.131862 [debug] [MainThread]: SQL status: OK in 0.001 seconds
[0m02:04:23.133572 [debug] [MainThread]: On master: COMMIT
[0m02:04:23.133572 [debug] [MainThread]: Using duckdb connection "master"
[0m02:04:23.134586 [debug] [MainThread]: On master: COMMIT
[0m02:04:23.135585 [debug] [MainThread]: SQL status: OK in 0.000 seconds
[0m02:04:23.136587 [debug] [MainThread]: On master: Close
[0m02:04:23.179229 [debug] [Thread-1 (]: Began running node model.seo_dbt_project.stg_fact_keyword_performance
[0m02:04:23.181232 [info ] [Thread-1 (]: 1 of 2 START sql view model main.stg_fact_keyword_performance .................. [RUN]
[0m02:04:23.181742 [debug] [Thread-1 (]: Acquiring new duckdb connection 'model.seo_dbt_project.stg_fact_keyword_performance'
[0m02:04:23.182754 [debug] [Thread-1 (]: Began compiling node model.seo_dbt_project.stg_fact_keyword_performance
[0m02:04:23.194795 [debug] [Thread-1 (]: Writing injected SQL for node "model.seo_dbt_project.stg_fact_keyword_performance"
[0m02:04:23.197365 [debug] [Thread-1 (]: Began executing node model.seo_dbt_project.stg_fact_keyword_performance
[0m02:04:23.241176 [debug] [Thread-1 (]: Writing runtime sql for node "model.seo_dbt_project.stg_fact_keyword_performance"
[0m02:04:23.241176 [debug] [Thread-1 (]: Using duckdb connection "model.seo_dbt_project.stg_fact_keyword_performance"
[0m02:04:23.246032 [debug] [Thread-1 (]: On model.seo_dbt_project.stg_fact_keyword_performance: BEGIN
[0m02:04:23.246032 [debug] [Thread-1 (]: Opening a new connection, currently in state init
[0m02:04:23.246032 [debug] [Thread-1 (]: SQL status: OK in 0.002 seconds
[0m02:04:23.246032 [debug] [Thread-1 (]: Using duckdb connection "model.seo_dbt_project.stg_fact_keyword_performance"
[0m02:04:23.246032 [debug] [Thread-1 (]: On model.seo_dbt_project.stg_fact_keyword_performance: /* {"app": "dbt", "dbt_version": "1.11.15", "profile_name": "seo_quick_wins", "target_name": "dev", "node_id": "model.seo_dbt_project.stg_fact_keyword_performance"} */

  
  create view "seo_data_product"."main"."stg_fact_keyword_performance__dbt_tmp" as (
    -- Vista staging sobre la fact legacy (fuente: source('legacy', 'fact_keyword_performance'))
with source as (
    select * from "seo_data_product"."main"."fact_keyword_performance"
)

select
    fact_id,
    date_id,
    keyword_id,
    search_volume,
    keyword_difficulty,
    current_position,
    estimated_ctr,
    estimated_traffic
from source
  );

[0m02:04:23.251584 [debug] [Thread-1 (]: DuckDB adapter: duckdb error: Catalog Error: Table with name fact_keyword_performance does not exist!
Did you mean "pg_catalog.pg_prepared_statements"?

LINE 7:     select * from "seo_data_product"."main"."fact_keyword_performance"
                          ^
[0m02:04:23.251584 [debug] [Thread-1 (]: DuckDB adapter: Error running SQL: /* {"app": "dbt", "dbt_version": "1.11.15", "profile_name": "seo_quick_wins", "target_name": "dev", "node_id": "model.seo_dbt_project.stg_fact_keyword_performance"} */

  
  create view "seo_data_product"."main"."stg_fact_keyword_performance__dbt_tmp" as (
    -- Vista staging sobre la fact legacy (fuente: source('legacy', 'fact_keyword_performance'))
with source as (
    select * from "seo_data_product"."main"."fact_keyword_performance"
)

select
    fact_id,
    date_id,
    keyword_id,
    search_volume,
    keyword_difficulty,
    current_position,
    estimated_ctr,
    estimated_traffic
from source
  );

[0m02:04:23.251584 [debug] [Thread-1 (]: DuckDB adapter: Rolling back transaction.
[0m02:04:23.251584 [debug] [Thread-1 (]: On model.seo_dbt_project.stg_fact_keyword_performance: ROLLBACK
[0m02:04:23.251584 [debug] [Thread-1 (]: On model.seo_dbt_project.stg_fact_keyword_performance: Close
[0m02:04:23.278807 [debug] [Thread-1 (]: Runtime Error in model stg_fact_keyword_performance (models\staging\stg_fact_keyword_performance.sql)
  Catalog Error: Table with name fact_keyword_performance does not exist!
  Did you mean "pg_catalog.pg_prepared_statements"?
  
  LINE 7:     select * from "seo_data_product"."main"."fact_keyword_performance"
                            ^
[0m02:04:23.283081 [debug] [Thread-1 (]: Sending event: {'category': 'dbt', 'action': 'run_model', 'label': '0c5f9fbe-0f5f-488e-aa05-a93b7fec7f3d', 'context': [<snowplow_tracker.self_describing_json.SelfDescribingJson object at 0x0000025CA73823B0>]}
[0m02:04:23.284090 [error] [Thread-1 (]: 1 of 2 ERROR creating sql view model main.stg_fact_keyword_performance ......... [[31mERROR[0m in 0.10s]
[0m02:04:23.285089 [debug] [Thread-1 (]: Finished running node model.seo_dbt_project.stg_fact_keyword_performance
[0m02:04:23.286090 [debug] [Thread-4 (]: Marking all children of 'model.seo_dbt_project.stg_fact_keyword_performance' to be skipped because of status 'error'.  Reason: Runtime Error in model stg_fact_keyword_performance (models\staging\stg_fact_keyword_performance.sql)
  Catalog Error: Table with name fact_keyword_performance does not exist!
  Did you mean "pg_catalog.pg_prepared_statements"?
  
  LINE 7:     select * from "seo_data_product"."main"."fact_keyword_performance"
                            ^.
[0m02:04:23.288095 [debug] [Thread-1 (]: Began running node model.seo_dbt_project.quick_wins
[0m02:04:23.289094 [info ] [Thread-1 (]: 2 of 2 SKIP relation main.quick_wins ........................................... [[33mSKIP[0m]
[0m02:04:23.290417 [debug] [Thread-1 (]: Finished running node model.seo_dbt_project.quick_wins
[0m02:04:23.290927 [debug] [MainThread]: Using duckdb connection "master"
[0m02:04:23.290927 [debug] [MainThread]: On master: BEGIN
[0m02:04:23.290927 [debug] [MainThread]: Opening a new connection, currently in state closed
[0m02:04:23.290927 [debug] [MainThread]: SQL status: OK in 0.001 seconds
[0m02:04:23.290927 [debug] [MainThread]: On master: COMMIT
[0m02:04:23.296860 [debug] [MainThread]: Using duckdb connection "master"
[0m02:04:23.296860 [debug] [MainThread]: On master: COMMIT
[0m02:04:23.296860 [debug] [MainThread]: SQL status: OK in 0.000 seconds
[0m02:04:23.298870 [debug] [MainThread]: On master: Close
[0m02:04:23.298870 [debug] [MainThread]: Connection 'master' was properly closed.
[0m02:04:23.300458 [debug] [MainThread]: Connection 'create_seo_data_product_main' was properly closed.
[0m02:04:23.300979 [debug] [MainThread]: Connection 'list_seo_data_product_main' was properly closed.
[0m02:04:23.300979 [debug] [MainThread]: Connection 'model.seo_dbt_project.stg_fact_keyword_performance' was properly closed.
[0m02:04:23.300979 [info ] [MainThread]: 
[0m02:04:23.300979 [info ] [MainThread]: Finished running 1 table model, 1 view model in 0 hours 0 minutes and 1.71 seconds (1.71s).
[0m02:04:23.300979 [debug] [MainThread]: Command end result
[0m02:04:23.349597 [debug] [MainThread]: Wrote artifact WritableManifest to seo_dbt_project\target\manifest.json
[0m02:04:23.352657 [debug] [MainThread]: Wrote artifact SemanticManifest to seo_dbt_project\target\semantic_manifest.json
[0m02:04:23.363556 [debug] [MainThread]: Wrote artifact RunExecutionResult to seo_dbt_project\target\run_results.json
[0m02:04:23.364555 [info ] [MainThread]: 
[0m02:04:23.365555 [info ] [MainThread]: [31mCompleted with 1 error, 0 partial successes, and 0 warnings:[0m
[0m02:04:23.366555 [info ] [MainThread]: 
[0m02:04:23.367556 [error] [MainThread]: [31mFailure in model stg_fact_keyword_performance (models\staging\stg_fact_keyword_performance.sql)[0m
[0m02:04:23.367556 [error] [MainThread]:   Runtime Error in model stg_fact_keyword_performance (models\staging\stg_fact_keyword_performance.sql)
  Catalog Error: Table with name fact_keyword_performance does not exist!
  Did you mean "pg_catalog.pg_prepared_statements"?
  
  LINE 7:     select * from "seo_data_product"."main"."fact_keyword_performance"
                            ^
[0m02:04:23.368803 [info ] [MainThread]: 
[0m02:04:23.369801 [info ] [MainThread]:   compiled code at target\compiled\seo_dbt_project\models\staging\stg_fact_keyword_performance.sql
[0m02:04:23.369801 [info ] [MainThread]: 
[0m02:04:23.369801 [info ] [MainThread]: Done. PASS=0 WARN=0 ERROR=1 SKIP=1 NO-OP=0 TOTAL=2
[0m02:04:23.373332 [debug] [MainThread]: Command `dbt run` failed at 02:04:23.372332 after 6.64 seconds
[0m02:04:23.374078 [debug] [MainThread]: Sending event: {'category': 'dbt', 'action': 'invocation', 'label': 'end', 'context': [<snowplow_tracker.self_describing_json.SelfDescribingJson object at 0x0000025CA752BCA0>, <snowplow_tracker.self_describing_json.SelfDescribingJson object at 0x0000025CA78B14E0>, <snowplow_tracker.self_describing_json.SelfDescribingJson object at 0x0000025CAB1C0DC0>]}
[0m02:04:23.374749 [debug] [MainThread]: Flushing usage events
[0m02:04:23.880947 [debug] [MainThread]: An error was encountered while trying to flush usage events
[0m02:05:24.515491 [debug] [MainThread]: Sending event: {'category': 'dbt', 'action': 'invocation', 'label': 'start', 'context': [<snowplow_tracker.self_describing_json.SelfDescribingJson object at 0x0000020BE367BD30>, <snowplow_tracker.self_describing_json.SelfDescribingJson object at 0x0000020BE5949E40>, <snowplow_tracker.self_describing_json.SelfDescribingJson object at 0x0000020BE5949E70>]}


============================== 02:05:24.525570 | b17ed7ad-cd07-4695-afab-6f648eec70b1 ==============================
[0m02:05:24.525570 [info ] [MainThread]: Running with dbt=1.11.15
[0m02:05:24.527173 [debug] [MainThread]: running dbt with arguments {'version_check': 'True', 'no_print': 'None', 'static_parser': 'True', 'target_path': 'None', 'warn_error_options': 'WarnErrorOptionsV2(error=[], warn=[], silence=[])', 'printer_width': '80', 'write_json': 'True', 'empty': 'False', 'log_cache_events': 'False', 'introspect': 'True', 'cache_selected_only': 'False', 'fail_fast': 'False', 'debug': 'False', 'log_format': 'default', 'profiles_dir': 'seo_dbt_project', 'send_anonymous_usage_stats': 'True', 'quiet': 'False', 'warn_error': 'None', 'partial_parse': 'True', 'invocation_command': 'dbt run --project-dir seo_dbt_project --profiles-dir seo_dbt_project', 'indirect_selection': 'eager', 'use_colors': 'True', 'use_experimental_parser': 'False', 'log_path': 'seo_dbt_project\\logs'}
[0m02:05:24.917107 [debug] [MainThread]: Sending event: {'category': 'dbt', 'action': 'project_id', 'label': 'b17ed7ad-cd07-4695-afab-6f648eec70b1', 'context': [<snowplow_tracker.self_describing_json.SelfDescribingJson object at 0x0000020BE1F2E200>]}
[0m02:05:25.024013 [debug] [MainThread]: Sending event: {'category': 'dbt', 'action': 'adapter_info', 'label': 'b17ed7ad-cd07-4695-afab-6f648eec70b1', 'context': [<snowplow_tracker.self_describing_json.SelfDescribingJson object at 0x0000020BE51255D0>]}
[0m02:05:25.031373 [info ] [MainThread]: Registered adapter: duckdb=1.11.0
[0m02:05:25.417243 [debug] [MainThread]: checksum: 810725a07b286a161cb6a02f5214572f3ba8aa5d584b5e37ea30d4a281c3d3a5, vars: {}, profile: , target: , version: 1.11.15
[0m02:05:25.629324 [info ] [MainThread]: Unable to do partial parsing because profile has changed
[0m02:05:25.630323 [debug] [MainThread]: Sending event: {'category': 'dbt', 'action': 'partial_parser', 'label': 'b17ed7ad-cd07-4695-afab-6f648eec70b1', 'context': [<snowplow_tracker.self_describing_json.SelfDescribingJson object at 0x0000020BE5126B30>]}
[0m02:05:27.632470 [debug] [MainThread]: Sending event: {'category': 'dbt', 'action': 'load_project', 'label': 'b17ed7ad-cd07-4695-afab-6f648eec70b1', 'context': [<snowplow_tracker.self_describing_json.SelfDescribingJson object at 0x0000020BE7450AC0>]}
[0m02:05:27.881297 [debug] [MainThread]: Wrote artifact WritableManifest to seo_dbt_project\target\manifest.json
[0m02:05:27.884386 [debug] [MainThread]: Wrote artifact SemanticManifest to seo_dbt_project\target\semantic_manifest.json
[0m02:05:27.905019 [debug] [MainThread]: Sending event: {'category': 'dbt', 'action': 'resource_counts', 'label': 'b17ed7ad-cd07-4695-afab-6f648eec70b1', 'context': [<snowplow_tracker.self_describing_json.SelfDescribingJson object at 0x0000020BE73F7700>]}
[0m02:05:27.906054 [info ] [MainThread]: Found 2 models, 4 sources, 459 macros
[0m02:05:27.908694 [debug] [MainThread]: Sending event: {'category': 'dbt', 'action': 'runnable_timing', 'label': 'b17ed7ad-cd07-4695-afab-6f648eec70b1', 'context': [<snowplow_tracker.self_describing_json.SelfDescribingJson object at 0x0000020BE73F4E80>]}
[0m02:05:27.912745 [info ] [MainThread]: 
[0m02:05:27.913749 [info ] [MainThread]: Concurrency: 1 threads (target='dev')
[0m02:05:27.914745 [info ] [MainThread]: 
[0m02:05:27.915746 [debug] [MainThread]: Acquiring new duckdb connection 'master'
[0m02:05:27.925932 [debug] [ThreadPool]: Acquiring new duckdb connection 'list_seo_data_product'
[0m02:05:28.036714 [debug] [ThreadPool]: Using duckdb connection "list_seo_data_product"
[0m02:05:28.038721 [debug] [ThreadPool]: On list_seo_data_product: /* {"app": "dbt", "dbt_version": "1.11.15", "profile_name": "seo_quick_wins", "target_name": "dev", "connection_name": "list_seo_data_product"} */

    
    select schema_name
    from system.information_schema.schemata
    
    where lower(catalog_name) = '"seo_data_product"'
    
  
  
[0m02:05:28.038721 [debug] [ThreadPool]: Opening a new connection, currently in state init
[0m02:05:28.069425 [debug] [ThreadPool]: SQL status: OK in 0.030 seconds
[0m02:05:28.071937 [debug] [ThreadPool]: On list_seo_data_product: Close
[0m02:05:28.073945 [debug] [ThreadPool]: Re-using an available connection from the pool (formerly list_seo_data_product, now create_seo_data_product_main)
[0m02:05:28.075437 [debug] [ThreadPool]: Creating schema "database: "seo_data_product"
schema: "main"
"
[0m02:05:28.089145 [debug] [ThreadPool]: Using duckdb connection "create_seo_data_product_main"
[0m02:05:28.090145 [debug] [ThreadPool]: On create_seo_data_product_main: /* {"app": "dbt", "dbt_version": "1.11.15", "profile_name": "seo_quick_wins", "target_name": "dev", "connection_name": "create_seo_data_product_main"} */

    
        select type from duckdb_databases()
        where lower(database_name)='seo_data_product'
        and type != 'duckdb'
    
  
[0m02:05:28.090145 [debug] [ThreadPool]: Opening a new connection, currently in state closed
[0m02:05:28.093081 [debug] [ThreadPool]: SQL status: OK in 0.002 seconds
[0m02:05:28.096080 [debug] [ThreadPool]: Using duckdb connection "create_seo_data_product_main"
[0m02:05:28.097084 [debug] [ThreadPool]: On create_seo_data_product_main: BEGIN
[0m02:05:28.097084 [debug] [ThreadPool]: SQL status: OK in 0.000 seconds
[0m02:05:28.098081 [debug] [ThreadPool]: Using duckdb connection "create_seo_data_product_main"
[0m02:05:28.099082 [debug] [ThreadPool]: On create_seo_data_product_main: /* {"app": "dbt", "dbt_version": "1.11.15", "profile_name": "seo_quick_wins", "target_name": "dev", "connection_name": "create_seo_data_product_main"} */

    
    
        create schema if not exists "seo_data_product"."main"
    
[0m02:05:28.100083 [debug] [ThreadPool]: SQL status: OK in 0.000 seconds
[0m02:05:28.100083 [debug] [ThreadPool]: On create_seo_data_product_main: COMMIT
[0m02:05:28.101589 [debug] [ThreadPool]: Using duckdb connection "create_seo_data_product_main"
[0m02:05:28.102596 [debug] [ThreadPool]: On create_seo_data_product_main: COMMIT
[0m02:05:28.102596 [debug] [ThreadPool]: SQL status: OK in 0.000 seconds
[0m02:05:28.103596 [debug] [ThreadPool]: On create_seo_data_product_main: Close
[0m02:05:28.106184 [debug] [ThreadPool]: Acquiring new duckdb connection 'list_seo_data_product_main'
[0m02:05:28.111422 [debug] [ThreadPool]: Using duckdb connection "list_seo_data_product_main"
[0m02:05:28.111422 [debug] [ThreadPool]: On list_seo_data_product_main: BEGIN
[0m02:05:28.111422 [debug] [ThreadPool]: Opening a new connection, currently in state init
[0m02:05:28.111422 [debug] [ThreadPool]: SQL status: OK in 0.001 seconds
[0m02:05:28.111422 [debug] [ThreadPool]: Using duckdb connection "list_seo_data_product_main"
[0m02:05:28.111422 [debug] [ThreadPool]: On list_seo_data_product_main: /* {"app": "dbt", "dbt_version": "1.11.15", "profile_name": "seo_quick_wins", "target_name": "dev", "connection_name": "list_seo_data_product_main"} */
select
      'seo_data_product' as database,
      table_name as name,
      table_schema as schema,
      CASE table_type
        WHEN 'BASE TABLE' THEN 'table'
        WHEN 'VIEW' THEN 'view'
        WHEN 'LOCAL TEMPORARY' THEN 'table'
        END as type
    from system.information_schema.tables
    where lower(table_schema) = 'main'
    and lower(table_catalog) = 'seo_data_product'
  
[0m02:05:28.127571 [debug] [ThreadPool]: SQL status: OK in 0.007 seconds
[0m02:05:28.130581 [debug] [ThreadPool]: On list_seo_data_product_main: ROLLBACK
[0m02:05:28.132087 [debug] [ThreadPool]: On list_seo_data_product_main: Close
[0m02:05:28.134108 [debug] [MainThread]: Sending event: {'category': 'dbt', 'action': 'runnable_timing', 'label': 'b17ed7ad-cd07-4695-afab-6f648eec70b1', 'context': [<snowplow_tracker.self_describing_json.SelfDescribingJson object at 0x0000020BE2081840>]}
[0m02:05:28.135105 [debug] [MainThread]: Using duckdb connection "master"
[0m02:05:28.136105 [debug] [MainThread]: On master: BEGIN
[0m02:05:28.136105 [debug] [MainThread]: Opening a new connection, currently in state init
[0m02:05:28.138102 [debug] [MainThread]: SQL status: OK in 0.001 seconds
[0m02:05:28.139102 [debug] [MainThread]: On master: COMMIT
[0m02:05:28.139102 [debug] [MainThread]: Using duckdb connection "master"
[0m02:05:28.140104 [debug] [MainThread]: On master: COMMIT
[0m02:05:28.141595 [debug] [MainThread]: SQL status: OK in 0.000 seconds
[0m02:05:28.141595 [debug] [MainThread]: On master: Close
[0m02:05:28.148638 [debug] [Thread-1 (]: Began running node model.seo_dbt_project.stg_fact_keyword_performance
[0m02:05:28.150658 [info ] [Thread-1 (]: 1 of 2 START sql view model main.stg_fact_keyword_performance .................. [RUN]
[0m02:05:28.151666 [debug] [Thread-1 (]: Acquiring new duckdb connection 'model.seo_dbt_project.stg_fact_keyword_performance'
[0m02:05:28.151666 [debug] [Thread-1 (]: Began compiling node model.seo_dbt_project.stg_fact_keyword_performance
[0m02:05:28.165195 [debug] [Thread-1 (]: Writing injected SQL for node "model.seo_dbt_project.stg_fact_keyword_performance"
[0m02:05:28.166194 [debug] [Thread-1 (]: Began executing node model.seo_dbt_project.stg_fact_keyword_performance
[0m02:05:28.212517 [debug] [Thread-1 (]: Writing runtime sql for node "model.seo_dbt_project.stg_fact_keyword_performance"
[0m02:05:28.214518 [debug] [Thread-1 (]: Using duckdb connection "model.seo_dbt_project.stg_fact_keyword_performance"
[0m02:05:28.215517 [debug] [Thread-1 (]: On model.seo_dbt_project.stg_fact_keyword_performance: BEGIN
[0m02:05:28.216519 [debug] [Thread-1 (]: Opening a new connection, currently in state init
[0m02:05:28.218521 [debug] [Thread-1 (]: SQL status: OK in 0.002 seconds
[0m02:05:28.218521 [debug] [Thread-1 (]: Using duckdb connection "model.seo_dbt_project.stg_fact_keyword_performance"
[0m02:05:28.219519 [debug] [Thread-1 (]: On model.seo_dbt_project.stg_fact_keyword_performance: /* {"app": "dbt", "dbt_version": "1.11.15", "profile_name": "seo_quick_wins", "target_name": "dev", "node_id": "model.seo_dbt_project.stg_fact_keyword_performance"} */

  
  create view "seo_data_product"."main"."stg_fact_keyword_performance__dbt_tmp" as (
    -- Vista staging sobre la fact legacy (fuente: source('legacy', 'fact_keyword_performance'))
with source as (
    select * from "seo_data_product"."main"."fact_keyword_performance"
)

select
    fact_id,
    date_id,
    keyword_id,
    search_volume,
    keyword_difficulty,
    current_position,
    estimated_ctr,
    estimated_traffic
from source
  );

[0m02:05:28.221519 [debug] [Thread-1 (]: SQL status: OK in 0.001 seconds
[0m02:05:28.232327 [debug] [Thread-1 (]: Using duckdb connection "model.seo_dbt_project.stg_fact_keyword_performance"
[0m02:05:28.234344 [debug] [Thread-1 (]: On model.seo_dbt_project.stg_fact_keyword_performance: /* {"app": "dbt", "dbt_version": "1.11.15", "profile_name": "seo_quick_wins", "target_name": "dev", "node_id": "model.seo_dbt_project.stg_fact_keyword_performance"} */
alter view "seo_data_product"."main"."stg_fact_keyword_performance__dbt_tmp" rename to "stg_fact_keyword_performance"
[0m02:05:28.234344 [debug] [Thread-1 (]: SQL status: OK in 0.001 seconds
[0m02:05:28.249916 [debug] [Thread-1 (]: On model.seo_dbt_project.stg_fact_keyword_performance: COMMIT
[0m02:05:28.251421 [debug] [Thread-1 (]: Using duckdb connection "model.seo_dbt_project.stg_fact_keyword_performance"
[0m02:05:28.251421 [debug] [Thread-1 (]: On model.seo_dbt_project.stg_fact_keyword_performance: COMMIT
[0m02:05:28.257804 [debug] [Thread-1 (]: SQL status: OK in 0.004 seconds
[0m02:05:28.267523 [debug] [Thread-1 (]: Using duckdb connection "model.seo_dbt_project.stg_fact_keyword_performance"
[0m02:05:28.268524 [debug] [Thread-1 (]: On model.seo_dbt_project.stg_fact_keyword_performance: /* {"app": "dbt", "dbt_version": "1.11.15", "profile_name": "seo_quick_wins", "target_name": "dev", "node_id": "model.seo_dbt_project.stg_fact_keyword_performance"} */

      drop view if exists "seo_data_product"."main"."stg_fact_keyword_performance__dbt_backup" cascade
    
[0m02:05:28.270523 [debug] [Thread-1 (]: SQL status: OK in 0.001 seconds
[0m02:05:28.274638 [debug] [Thread-1 (]: On model.seo_dbt_project.stg_fact_keyword_performance: Close
[0m02:05:28.274638 [debug] [Thread-1 (]: Sending event: {'category': 'dbt', 'action': 'run_model', 'label': 'b17ed7ad-cd07-4695-afab-6f648eec70b1', 'context': [<snowplow_tracker.self_describing_json.SelfDescribingJson object at 0x0000020BE72B5510>]}
[0m02:05:28.274638 [info ] [Thread-1 (]: 1 of 2 OK created sql view model main.stg_fact_keyword_performance ............. [[32mOK[0m in 0.12s]
[0m02:05:28.281753 [debug] [Thread-1 (]: Finished running node model.seo_dbt_project.stg_fact_keyword_performance
[0m02:05:28.281753 [debug] [Thread-1 (]: Began running node model.seo_dbt_project.quick_wins
[0m02:05:28.281753 [info ] [Thread-1 (]: 2 of 2 START sql table model main.quick_wins ................................... [RUN]
[0m02:05:28.284792 [debug] [Thread-1 (]: Re-using an available connection from the pool (formerly model.seo_dbt_project.stg_fact_keyword_performance, now model.seo_dbt_project.quick_wins)
[0m02:05:28.284792 [debug] [Thread-1 (]: Began compiling node model.seo_dbt_project.quick_wins
[0m02:05:28.292698 [debug] [Thread-1 (]: Writing injected SQL for node "model.seo_dbt_project.quick_wins"
[0m02:05:28.295845 [debug] [Thread-1 (]: Began executing node model.seo_dbt_project.quick_wins
[0m02:05:28.353092 [debug] [Thread-1 (]: Writing runtime sql for node "model.seo_dbt_project.quick_wins"
[0m02:05:28.356094 [debug] [Thread-1 (]: Using duckdb connection "model.seo_dbt_project.quick_wins"
[0m02:05:28.356094 [debug] [Thread-1 (]: On model.seo_dbt_project.quick_wins: BEGIN
[0m02:05:28.358115 [debug] [Thread-1 (]: Opening a new connection, currently in state closed
[0m02:05:28.359125 [debug] [Thread-1 (]: SQL status: OK in 0.002 seconds
[0m02:05:28.359125 [debug] [Thread-1 (]: Using duckdb connection "model.seo_dbt_project.quick_wins"
[0m02:05:28.361649 [debug] [Thread-1 (]: On model.seo_dbt_project.quick_wins: /* {"app": "dbt", "dbt_version": "1.11.15", "profile_name": "seo_quick_wins", "target_name": "dev", "node_id": "model.seo_dbt_project.quick_wins"} */

    

    create  table
      "seo_data_product"."main"."quick_wins__dbt_tmp"
  
    
    as (
      

WITH keyword_performance_ranked AS (
    SELECT
        k.keyword_id,
        k.keyword_text,
        k.search_intent,
        k.category,
        f.date_id,
        f.current_position,
        f.search_volume,
        f.keyword_difficulty,
        f.estimated_traffic,
        f.estimated_ctr,
        RANK() OVER (PARTITION BY f.date_id ORDER BY f.estimated_traffic DESC) AS traffic_rank,
        ROW_NUMBER() OVER (PARTITION BY f.date_id ORDER BY f.current_position ASC) AS position_rank
    FROM "seo_data_product"."main"."stg_fact_keyword_performance" f
    JOIN "seo_data_product"."main"."dim_keyword" k ON f.keyword_id = k.keyword_id
)

SELECT
    keyword_id,
    keyword_text,
    search_intent,
    category,
    date_id,
    current_position,
    search_volume,
    keyword_difficulty,
    estimated_traffic,
    estimated_ctr,
    traffic_rank,
    position_rank,
    CASE
        WHEN current_position BETWEEN 4 AND 10 AND keyword_difficulty < 50 THEN '🎯 QUICK WIN'
        WHEN current_position <= 3 THEN '✅ YA POSICIONADO'
        ELSE '⚠️ NECESITA TRABAJO'
    END AS classification,
    ROUND((estimated_traffic * 5) - estimated_traffic, 0) AS oportunidad_mejora,
    CASE
        WHEN current_position BETWEEN 4 AND 10 AND keyword_difficulty < 50
        THEN (estimated_traffic * 5) - estimated_traffic
        ELSE 0
    END AS prioridad_score
FROM keyword_performance_ranked
    );
    
  
[0m02:05:28.374549 [debug] [Thread-1 (]: SQL status: OK in 0.012 seconds
[0m02:05:28.381585 [debug] [Thread-1 (]: Using duckdb connection "model.seo_dbt_project.quick_wins"
[0m02:05:28.382593 [debug] [Thread-1 (]: On model.seo_dbt_project.quick_wins: /* {"app": "dbt", "dbt_version": "1.11.15", "profile_name": "seo_quick_wins", "target_name": "dev", "node_id": "model.seo_dbt_project.quick_wins"} */
alter table "seo_data_product"."main"."quick_wins__dbt_tmp" rename to "quick_wins"
[0m02:05:28.383594 [debug] [Thread-1 (]: SQL status: OK in 0.001 seconds
[0m02:05:28.391708 [debug] [Thread-1 (]: On model.seo_dbt_project.quick_wins: COMMIT
[0m02:05:28.391708 [debug] [Thread-1 (]: Using duckdb connection "model.seo_dbt_project.quick_wins"
[0m02:05:28.391708 [debug] [Thread-1 (]: On model.seo_dbt_project.quick_wins: COMMIT
[0m02:05:28.395702 [debug] [Thread-1 (]: SQL status: OK in 0.003 seconds
[0m02:05:28.405147 [debug] [Thread-1 (]: Using duckdb connection "model.seo_dbt_project.quick_wins"
[0m02:05:28.405147 [debug] [Thread-1 (]: On model.seo_dbt_project.quick_wins: /* {"app": "dbt", "dbt_version": "1.11.15", "profile_name": "seo_quick_wins", "target_name": "dev", "node_id": "model.seo_dbt_project.quick_wins"} */

      drop table if exists "seo_data_product"."main"."quick_wins__dbt_backup" cascade
    
[0m02:05:28.406682 [debug] [Thread-1 (]: SQL status: OK in 0.001 seconds
[0m02:05:28.410725 [debug] [Thread-1 (]: On model.seo_dbt_project.quick_wins: Close
[0m02:05:28.412233 [debug] [Thread-1 (]: Sending event: {'category': 'dbt', 'action': 'run_model', 'label': 'b17ed7ad-cd07-4695-afab-6f648eec70b1', 'context': [<snowplow_tracker.self_describing_json.SelfDescribingJson object at 0x0000020BE6EF8850>]}
[0m02:05:28.413243 [info ] [Thread-1 (]: 2 of 2 OK created sql table model main.quick_wins .............................. [[32mOK[0m in 0.13s]
[0m02:05:28.414242 [debug] [Thread-1 (]: Finished running node model.seo_dbt_project.quick_wins
[0m02:05:28.416243 [debug] [MainThread]: Using duckdb connection "master"
[0m02:05:28.417247 [debug] [MainThread]: On master: BEGIN
[0m02:05:28.418245 [debug] [MainThread]: Opening a new connection, currently in state closed
[0m02:05:28.419244 [debug] [MainThread]: SQL status: OK in 0.001 seconds
[0m02:05:28.420244 [debug] [MainThread]: On master: COMMIT
[0m02:05:28.420244 [debug] [MainThread]: Using duckdb connection "master"
[0m02:05:28.421470 [debug] [MainThread]: On master: COMMIT
[0m02:05:28.422483 [debug] [MainThread]: SQL status: OK in 0.000 seconds
[0m02:05:28.423481 [debug] [MainThread]: On master: Close
[0m02:05:28.424442 [debug] [MainThread]: Connection 'master' was properly closed.
[0m02:05:28.425486 [debug] [MainThread]: Connection 'create_seo_data_product_main' was properly closed.
[0m02:05:28.426487 [debug] [MainThread]: Connection 'list_seo_data_product_main' was properly closed.
[0m02:05:28.427484 [debug] [MainThread]: Connection 'model.seo_dbt_project.quick_wins' was properly closed.
[0m02:05:28.427484 [info ] [MainThread]: 
[0m02:05:28.428483 [info ] [MainThread]: Finished running 1 table model, 1 view model in 0 hours 0 minutes and 0.51 seconds (0.51s).
[0m02:05:28.429484 [debug] [MainThread]: Command end result
[0m02:05:28.475708 [debug] [MainThread]: Wrote artifact WritableManifest to seo_dbt_project\target\manifest.json
[0m02:05:28.481479 [debug] [MainThread]: Wrote artifact SemanticManifest to seo_dbt_project\target\semantic_manifest.json
[0m02:05:28.499633 [debug] [MainThread]: Wrote artifact RunExecutionResult to seo_dbt_project\target\run_results.json
[0m02:05:28.501635 [info ] [MainThread]: 
[0m02:05:28.502149 [info ] [MainThread]: [32mCompleted successfully[0m
[0m02:05:28.503160 [info ] [MainThread]: 
[0m02:05:28.503160 [info ] [MainThread]: Done. PASS=2 WARN=0 ERROR=0 SKIP=0 NO-OP=0 TOTAL=2
[0m02:05:28.504667 [debug] [MainThread]: Command `dbt run` succeeded at 02:05:28.504667 after 4.17 seconds
[0m02:05:28.504667 [debug] [MainThread]: Sending event: {'category': 'dbt', 'action': 'invocation', 'label': 'end', 'context': [<snowplow_tracker.self_describing_json.SelfDescribingJson object at 0x0000020BE367BD30>, <snowplow_tracker.self_describing_json.SelfDescribingJson object at 0x0000020BE3A2A830>, <snowplow_tracker.self_describing_json.SelfDescribingJson object at 0x0000020BE71F45B0>]}
[0m02:05:28.507640 [debug] [MainThread]: Flushing usage events
[0m02:05:28.975174 [debug] [MainThread]: An error was encountered while trying to flush usage events
